#
# A fatal error has been detected by the Java Runtime Environment:
#
#  SIGSEGV (0xb) at pc=0x0000000100a5cbcc, pid=10284, tid=0x000000000000c30f
#
# JRE version: Java(TM) SE Runtime Environment (8.0_251-b08) (build 1.8.0_251-b08)
# Java VM: Java HotSpot(TM) 64-Bit Server VM (25.251-b08 mixed mode bsd-amd64 )
# Problematic frame:
# V  [libjvm.dylib+0x244bcc]
#
# Failed to write core dump. Core dumps have been disabled. To enable core dumping, try "ulimit -c unlimited" before starting Java again
#
# If you would like to submit a bug report, please visit:
#   http://bugreport.java.com/bugreport/crash.jsp
#

---------------  T H R E A D  ---------------

Current thread is native thread

siginfo: si_signo: 11 (SIGSEGV), si_code: 1 (SEGV_MAPERR), si_addr: 0x0000000000000140

Registers:
RAX=0x0000000000000000, RBX=0x0000000e40416a60, RCX=0x00007ff52fc49fa0, RDX=0x0000000000000000
RSP=0x0000700004557d60, RBP=0x0000700004557da0, RSI=0x0000000000000008, RDI=0x000000000000010c
R8 =0x00007ff538168800, R9 =0x00007000045580d8, R10=0x0000000000000000, R11=0x00007ff562c2ac30
R12=0x0000000100e1f2c7, R13=0x00007ff538168800, R14=0x00007ff52fc49f98, R15=0x0000000000000182
RIP=0x0000000100a5cbcc, EFLAGS=0x0000000000010206, ERR=0x0000000000000004
  TRAPNO=0x000000000000000e

Top of Stack: (sp=0x0000700004557d60)
0x0000700004557d60:   0000000e40416a60 0000000000000000
0x0000700004557d70:   0000000e40416a60 0000000e40416a60
0x0000700004557d80:   00007ff538168800 0000700004558020
0x0000700004557d90:   00007ff538168800 000000000000000a
0x0000700004557da0:   0000700004557f50 0000000100b08860
0x0000700004557db0:   0000000000000000 0000000000000000
0x0000700004557dc0:   0000000000000000 0000700004558120
0x0000700004557dd0:   00007ff52fc49f90 0000000104a46f20
0x0000700004557de0:   0000000000000000 0000700004557f80
0x0000700004557df0:   0000700004558118 00007ff538168800
0x0000700004557e00:   0000000000000000 0000000000000000
0x0000700004557e10:   0000000000000000 0000000000000000
0x0000700004557e20:   0000000000000000 0000000000000000
0x0000700004557e30:   0000000000000000 0000000000000000
0x0000700004557e40:   0000000000000000 0000000000000000
0x0000700004557e50:   0000000000000000 0000000000000000
0x0000700004557e60:   0000000000000000 0000000000000000
0x0000700004557e70:   0000000000000000 0000000000000000
0x0000700004557e80:   0000000000000000 0000000e40416a60
0x0000700004557e90:   00007ff538168800 0000000000000000
0x0000700004557ea0:   0000000000000000 0000000000000000
0x0000700004557eb0:   0000000000000000 0000000e40416a60
0x0000700004557ec0:   00007ff538168800 0000000e40416a60
0x0000700004557ed0:   00007ff538168800 0000000000000000
0x0000700004557ee0:   0000000000000000 0000000e40416a60
0x0000700004557ef0:   0000000000000000 0000000000000000
0x0000700004557f00:   0000000e40416a60 0000000e40416a60
0x0000700004557f10:   0000000104a46f20 0000700004558020
0x0000700004557f20:   0000000e40416a60 00007000045580d8
0x0000700004557f30:   00007ff538168800 0000700004558020
0x0000700004557f40:   0000000e40416a60 0000000100b40ed4
0x0000700004557f50:   00007000045580c0 0000000100b3fc14 

Instructions: (pc=0x0000000100a5cbcc)
0x0000000100a5cbac:   c7 45 c8 00 00 00 00 74 27 48 8d 05 04 0b 60 00
0x0000000100a5cbbc:   48 63 38 e8 28 1a 39 00 48 89 45 c8 48 89 5d d0
0x0000000100a5cbcc:   48 8b b8 40 01 00 00 48 8d 75 d0 e8 80 15 f3 ff
0x0000000100a5cbdc:   48 8d 75 c0 4c 89 f7 e8 1c 1f 0b 00 48 8b 45 c0 

Register to memory mapping:

RAX=0x0000000000000000 is an unknown value
RBX={method} {0x0000000e40416a60} 'drawInCGLContext' '()V' in 'sun/java2d/opengl/CGLLayer'
RCX=0x00007ff52fc49fa0 is an unknown value
RDX=0x0000000000000000 is an unknown value
RSP=0x0000700004557d60 is an unknown value
RBP=0x0000700004557da0 is an unknown value
RSI=0x0000000000000008 is an unknown value
RDI=0x000000000000010c is an unknown value
R8 =0x00007ff538168800 is a thread
R9 =0x00007000045580d8 is an unknown value
R10=0x0000000000000000 is an unknown value
R11=0x00007ff562c2ac30 is an unknown value
R12=0x0000000100e1f2c7: _ZL24decode_instructions_name+0x13c77 in /Library/Java/JavaVirtualMachines/jdk1.8.0_251.jdk/Contents/Home/jre/lib/server/libjvm.dylib at 0x0000000100818000
R13=0x00007ff538168800 is a thread
R14=0x00007ff52fc49f98 is an unknown value
R15=0x0000000000000182 is an unknown value


Stack: [0x00007000044da000,0x000070000455a000],  sp=0x0000700004557d60,  free space=503k
Native frames: (J=compiled Java code, j=interpreted, Vv=VM code, C=native code)
V  [libjvm.dylib+0x244bcc]
V  [libjvm.dylib+0x2f0860]
V  [libjvm.dylib+0x327c14]
V  [libjvm.dylib+0x31a541]
C  [JavaNativeFoundation+0x39c2]  JNFCallVoidMethod+0xaf
C  [libawt_lwawt.dylib+0x1bb2c]  -[CGLLayer drawInCGLContext:pixelFormat:forLayerTime:displayTime:]+0x11f
C  [QuartzCore+0xc1987]  _ZL17CAOpenGLLayerDrawP13CAOpenGLLayerdPK11CVTimeStampj+0x7a4
C  [QuartzCore+0xc1008]  -[CAOpenGLLayer _display]+0x244
C  [QuartzCore+0x251fd]  _ZN2CA5Layer17display_if_neededEPNS_11TransactionE+0x2f5
C  [QuartzCore+0x34b6]  _ZN2CA7Context18commit_transactionEPNS_11TransactionEd+0x14e
C  [QuartzCore+0x20a0]  _ZN2CA11Transaction6commitEv+0x284
C  [DFRFoundation+0xa8b2]  DFRElementSetCAContextHostProcessId+0x6f
C  [DFRFoundation+0xac50]  __29-[DFRElement _initWithAttrs:]_block_invoke+0x8a
C  [libdispatch.dylib+0x16c4]  _dispatch_call_block_and_release+0xc
C  [libdispatch.dylib+0x2658]  _dispatch_client_callout+0x8
C  [libdispatch.dylib+0x7c44]  _dispatch_lane_serial_drain+0x255
C  [libdispatch.dylib+0x85d6]  _dispatch_lane_invoke+0x16b
C  [libdispatch.dylib+0x11c09]  _dispatch_workloop_worker_thread+0x254
C  [libsystem_pthread.dylib+0x2a3d]  _pthread_wqthread+0x122
C  [libsystem_pthread.dylib+0x1b77]  start_wqthread+0xf


---------------  P R O C E S S  ---------------

VM state:not at safepoint (normal execution)

VM Mutex/Monitor currently owned by a thread: None

Heap:
 PSYoungGen      total 887296K, used 79358K [0x0000000968f80000, 0x00000009c7980000, 0x0000000d93a00000)
  eden space 617472K, 12% used [0x0000000968f80000,0x000000096dcffaa0,0x000000098ea80000)
  from space 269824K, 0% used [0x00000009a7380000,0x00000009a7380000,0x00000009b7b00000)
  to   space 402432K, 0% used [0x000000098ea80000,0x000000098ea80000,0x00000009a7380000)
 ParOldGen       total 1650688K, used 855721K [0x0000000113a00000, 0x0000000178600000, 0x0000000968f80000)
  object space 1650688K, 51% used [0x0000000113a00000,0x0000000147daa7a0,0x0000000178600000)
 Metaspace       used 33403K, capacity 34882K, committed 35072K, reserved 36864K

Card table byte_map: [0x0000000d93a00000,0x0000000d99e01000] byte_map_base: 0x0000000d93163000

Marking Bits: (ParMarkBitMap*) 0x0000000101118f60
 Begin Bits: [0x0000000d9e0ac000, 0x0000000dd00ac000)
 End Bits:   [0x0000000dd00ac000, 0x0000000e020ac000)

Polling page: 0x000000010181a000

CodeCache: size=245760Kb used=18259Kb max_used=18270Kb free=227500Kb
 bounds [0x0000000104a00000, 0x0000000105cd0000, 0x0000000113a00000]
 total_blobs=5439 nmethods=4725 adapters=623
 compilation: enabled

Compilation events (10 events):
Event: 119.521 Thread 0x00007ff56802d800 nmethod 5920 0x000000010565d750 code [0x000000010565d8a0, 0x000000010565d9b0]
Event: 129.453 Thread 0x00007ff570045000 5921       4       java.util.concurrent.locks.ReentrantLock$Sync::nonfairTryAcquire (67 bytes)
Event: 129.456 Thread 0x00007ff570045000 nmethod 5921 0x0000000105680190 code [0x00000001056802e0, 0x0000000105680398]
Event: 229.538 Thread 0x00007ff56880e800 5922       3       java.lang.ref.SoftReference::<init> (14 bytes)
Event: 229.540 Thread 0x00007ff56880e800 nmethod 5922 0x0000000104f6fb50 code [0x0000000104f6fcc0, 0x0000000104f6ff90]
Event: 229.540 Thread 0x00007ff570045800 5923       3       java.awt.image.PackedColorModel::countBits (44 bytes)
Event: 229.541 Thread 0x00007ff570045800 nmethod 5923 0x000000010561be10 code [0x000000010561bf80, 0x000000010561c290]
Event: 229.545 Thread 0x00007ff570045000 5924       4       sun.java2d.pipe.BufferedContext::validate (575 bytes)
Event: 229.559 Thread 0x00007ff55801a000 5925       4       java.awt.geom.AffineTransform::equals (92 bytes)
Event: 229.561 Thread 0x00007ff55801a000 nmethod 5925 0x000000010570ead0 code [0x000000010570ec20, 0x000000010570edb8]

GC Heap History (10 events):
Event: 39.310 GC heap before
{Heap before GC invocations=9 (full 2):
 PSYoungGen      total 578048K, used 405275K [0x0000000968f80000, 0x00000009a8800000, 0x0000000d93a00000)
  eden space 267264K, 100% used [0x0000000968f80000,0x0000000979480000,0x0000000979480000)
  from space 310784K, 44% used [0x000000098b900000,0x0000000993fc6dc8,0x000000099e880000)
  to   space 299520K, 0% used [0x0000000979480000,0x0000000979480000,0x000000098b900000)
 ParOldGen       total 995840K, used 270771K [0x0000000113a00000, 0x0000000150680000, 0x0000000968f80000)
  object space 995840K, 27% used [0x0000000113a00000,0x000000012426ce50,0x0000000150680000)
 Metaspace       used 31126K, capacity 32423K, committed 32512K, reserved 32768K
Event: 39.347 GC heap after
Heap after GC invocations=9 (full 2):
 PSYoungGen      total 566784K, used 140441K [0x0000000968f80000, 0x00000009a9f80000, 0x0000000d93a00000)
  eden space 267264K, 0% used [0x0000000968f80000,0x0000000968f80000,0x0000000979480000)
  from space 299520K, 46% used [0x0000000979480000,0x0000000981da6540,0x000000098b900000)
  to   space 290304K, 0% used [0x0000000998400000,0x0000000998400000,0x00000009a9f80000)
 ParOldGen       total 995840K, used 270779K [0x0000000113a00000, 0x0000000150680000, 0x0000000968f80000)
  object space 995840K, 27% used [0x0000000113a00000,0x000000012426ee50,0x0000000150680000)
 Metaspace       used 31126K, capacity 32423K, committed 32512K, reserved 32768K
}
Event: 39.544 GC heap before
{Heap before GC invocations=10 (full 2):
 PSYoungGen      total 566784K, used 407705K [0x0000000968f80000, 0x00000009a9f80000, 0x0000000d93a00000)
  eden space 267264K, 100% used [0x0000000968f80000,0x0000000979480000,0x0000000979480000)
  from space 299520K, 46% used [0x0000000979480000,0x0000000981da6540,0x000000098b900000)
  to   space 290304K, 0% used [0x0000000998400000,0x0000000998400000,0x00000009a9f80000)
 ParOldGen       total 995840K, used 270779K [0x0000000113a00000, 0x0000000150680000, 0x0000000968f80000)
  object space 995840K, 27% used [0x0000000113a00000,0x000000012426ee50,0x0000000150680000)
 Metaspace       used 31212K, capacity 32487K, committed 32512K, reserved 32768K
Event: 39.606 GC heap after
Heap after GC invocations=10 (full 2):
 PSYoungGen      total 782336K, used 141796K [0x0000000968f80000, 0x00000009aa700000, 0x0000000d93a00000)
  eden space 492032K, 0% used [0x0000000968f80000,0x0000000968f80000,0x0000000987000000)
  from space 290304K, 48% used [0x0000000998400000,0x00000009a0e79360,0x00000009a9f80000)
  to   space 282624K, 0% used [0x0000000987000000,0x0000000987000000,0x0000000998400000)
 ParOldGen       total 995840K, used 270787K [0x0000000113a00000, 0x0000000150680000, 0x0000000968f80000)
  object space 995840K, 27% used [0x0000000113a00000,0x0000000124270e50,0x0000000150680000)
 Metaspace       used 31212K, capacity 32487K, committed 32512K, reserved 32768K
}
Event: 41.562 GC heap before
{Heap before GC invocations=11 (full 2):
 PSYoungGen      total 782336K, used 633828K [0x0000000968f80000, 0x00000009aa700000, 0x0000000d93a00000)
  eden space 492032K, 100% used [0x0000000968f80000,0x0000000987000000,0x0000000987000000)
  from space 290304K, 48% used [0x0000000998400000,0x00000009a0e79360,0x00000009a9f80000)
  to   space 282624K, 0% used [0x0000000987000000,0x0000000987000000,0x0000000998400000)
 ParOldGen       total 995840K, used 270955K [0x0000000113a00000, 0x0000000150680000, 0x0000000968f80000)
  object space 995840K, 27% used [0x0000000113a00000,0x000000012429ae50,0x0000000150680000)
 Metaspace       used 31539K, capacity 32807K, committed 33024K, reserved 34816K
Event: 41.594 GC heap after
Heap after GC invocations=11 (full 2):
 PSYoungGen      total 774656K, used 81455K [0x0000000968f80000, 0x00000009b7b00000, 0x0000000d93a00000)
  eden space 492032K, 0% used [0x0000000968f80000,0x0000000968f80000,0x0000000987000000)
  from space 282624K, 28% used [0x0000000987000000,0x000000098bf8bd18,0x0000000998400000)
  to   space 269824K, 0% used [0x00000009a7380000,0x00000009a7380000,0x00000009b7b00000)
 ParOldGen       total 995840K, used 403836K [0x0000000113a00000, 0x0000000150680000, 0x0000000968f80000)
  object space 995840K, 40% used [0x0000000113a00000,0x000000012c45f108,0x0000000150680000)
 Metaspace       used 31539K, capacity 32807K, committed 33024K, reserved 34816K
}
Event: 43.989 GC heap before
{Heap before GC invocations=12 (full 2):
 PSYoungGen      total 774656K, used 573487K [0x0000000968f80000, 0x00000009b7b00000, 0x0000000d93a00000)
  eden space 492032K, 100% used [0x0000000968f80000,0x0000000987000000,0x0000000987000000)
  from space 282624K, 28% used [0x0000000987000000,0x000000098bf8bd18,0x0000000998400000)
  to   space 269824K, 0% used [0x00000009a7380000,0x00000009a7380000,0x00000009b7b00000)
 ParOldGen       total 995840K, used 534630K [0x0000000113a00000, 0x0000000150680000, 0x0000000968f80000)
  object space 995840K, 53% used [0x0000000113a00000,0x0000000134419998,0x0000000150680000)
 Metaspace       used 33045K, capacity 34472K, committed 34560K, reserved 34816K
Event: 44.078 GC heap after
Heap after GC invocations=12 (full 2):
 PSYoungGen      total 887296K, used 269803K [0x0000000968f80000, 0x00000009c7980000, 0x0000000d93a00000)
  eden space 617472K, 0% used [0x0000000968f80000,0x0000000968f80000,0x000000098ea80000)
  from space 269824K, 99% used [0x00000009a7380000,0x00000009b7afaf98,0x00000009b7b00000)
  to   space 402432K, 0% used [0x000000098ea80000,0x000000098ea80000,0x00000009a7380000)
 ParOldGen       total 995840K, used 775635K [0x0000000113a00000, 0x0000000150680000, 0x0000000968f80000)
  object space 995840K, 77% used [0x0000000113a00000,0x0000000142f74d68,0x0000000150680000)
 Metaspace       used 33045K, capacity 34472K, committed 34560K, reserved 34816K
}
Event: 44.078 GC heap before
{Heap before GC invocations=13 (full 3):
 PSYoungGen      total 887296K, used 269803K [0x0000000968f80000, 0x00000009c7980000, 0x0000000d93a00000)
  eden space 617472K, 0% used [0x0000000968f80000,0x0000000968f80000,0x000000098ea80000)
  from space 269824K, 99% used [0x00000009a7380000,0x00000009b7afaf98,0x00000009b7b00000)
  to   space 402432K, 0% used [0x000000098ea80000,0x000000098ea80000,0x00000009a7380000)
 ParOldGen       total 995840K, used 775635K [0x0000000113a00000, 0x0000000150680000, 0x0000000968f80000)
  object space 995840K, 77% used [0x0000000113a00000,0x0000000142f74d68,0x0000000150680000)
 Metaspace       used 33045K, capacity 34472K, committed 34560K, reserved 34816K
Event: 44.184 GC heap after
Heap after GC invocations=13 (full 3):
 PSYoungGen      total 887296K, used 0K [0x0000000968f80000, 0x00000009c7980000, 0x0000000d93a00000)
  eden space 617472K, 0% used [0x0000000968f80000,0x0000000968f80000,0x000000098ea80000)
  from space 269824K, 0% used [0x00000009a7380000,0x00000009a7380000,0x00000009b7b00000)
  to   space 402432K, 0% used [0x000000098ea80000,0x000000098ea80000,0x00000009a7380000)
 ParOldGen       total 1650688K, used 855721K [0x0000000113a00000, 0x0000000178600000, 0x0000000968f80000)
  object space 1650688K, 51% used [0x0000000113a00000,0x0000000147daa7a0,0x0000000178600000)
 Metaspace       used 33045K, capacity 34472K, committed 34560K, reserved 34816K
}

Deoptimization events (10 events):
Event: 44.500 Thread 0x00007ff5680e8000 Uncommon trap: reason=unstable_if action=reinterpret pc=0x0000000105103da8 method=net.imglib2.outofbounds.AbstractOutOfBoundsValue.fwd(I)V @ 52
Event: 44.500 Thread 0x00007ff5680e8000 Uncommon trap: reason=unstable_if action=reinterpret pc=0x00000001050bb718 method=net.imglib2.outofbounds.AbstractOutOfBoundsValue.bck(I)V @ 53
Event: 44.525 Thread 0x00007ff55836c800 Uncommon trap: reason=unstable_if action=reinterpret pc=0x000000010548d8d8 method=bdv.viewer.render.AccumulateProjectorARGB.accumulate([I)I @ 120
Event: 44.574 Thread 0x00007ff57003d800 Uncommon trap: reason=unstable_if action=reinterpret pc=0x0000000105a13b38 method=java.security.AccessControlContext.optimize()Ljava/security/AccessControlContext; @ 49
Event: 229.509 Thread 0x00007ff538168800 Uncommon trap: reason=null_check action=make_not_entrant pc=0x000000010579e8dc method=sun.java2d.pipe.BufferedContext.validate(Lsun/java2d/pipe/hw/AccelSurface;Lsun/java2d/pipe/hw/AccelSurface;Lsun/java2d/pipe/Region;Ljava/awt/Composite;Ljava/awt/geom/Aff
Event: 229.509 Thread 0x00007ff538168800 Uncommon trap: reason=null_check action=make_not_entrant pc=0x00000001058f3da0 method=java.awt.geom.AffineTransform.equals(Ljava/lang/Object;)Z @ 1
Event: 229.544 Thread 0x00007ff558b2d000 Uncommon trap: reason=unstable_if action=reinterpret pc=0x0000000104ec8850 method=sun.java2d.pipe.Region.isInsideXYXY(IIII)Z @ 5
Event: 229.547 Thread 0x00007ff558b2d000 Uncommon trap: reason=unstable_if action=reinterpret pc=0x00000001052639b8 method=sun.java2d.pipe.Region.isInsideXYXY(IIII)Z @ 5
Event: 229.552 Thread 0x00007ff558b2d000 Uncommon trap: reason=unstable_if action=reinterpret pc=0x0000000104d29718 method=sun.java2d.pipe.Region.isInsideXYXY(IIII)Z @ 5
Event: 229.562 Thread 0x00007ff558b2d000 Uncommon trap: reason=unstable_if action=reinterpret pc=0x0000000105b28360 method=java.util.IdentityHashMap.isEmpty()Z @ 4

Classes redefined (0 events):
No events

Internal exceptions (10 events):
Event: 42.869 Thread 0x00007ff558009800 Exception <a 'java/io/FileNotFoundException'> (0x00000009791716b8) thrown at [/jenkins/workspace/8-2-build-macosx-x86_64/jdk8u251/737/hotspot/src/share/vm/prims/jni.cpp, line 710]
Event: 43.042 Thread 0x00007ff558009800 Exception <a 'java/lang/IncompatibleClassChangeError': Found class java.lang.Object, but interface was expected> (0x00000009797588b8) thrown at [/jenkins/workspace/8-2-build-macosx-x86_64/jdk8u251/737/hotspot/src/share/vm/interpreter/linkResolver.cpp, lin
Event: 43.376 Thread 0x00007ff558b2d000 Implicit null exception at 0x0000000104cd8aa4 to 0x0000000104cd8d8d
Event: 44.185 Thread 0x00007ff558019000 Exception <a 'java/lang/NullPointerException'> (0x0000000969130968) thrown at [/jenkins/workspace/8-2-build-macosx-x86_64/jdk8u251/737/hotspot/src/share/vm/interpreter/linkResolver.cpp, line 1185]
Event: 44.186 Thread 0x00007ff558019000 Exception <a 'java/lang/NullPointerException'> (0x0000000969130c40) thrown at [/jenkins/workspace/8-2-build-macosx-x86_64/jdk8u251/737/hotspot/src/share/vm/interpreter/linkResolver.cpp, line 1185]
Event: 44.187 Thread 0x00007ff558019000 Exception <a 'java/lang/NullPointerException'> (0x0000000969130f30) thrown at [/jenkins/workspace/8-2-build-macosx-x86_64/jdk8u251/737/hotspot/src/share/vm/interpreter/linkResolver.cpp, line 1185]
Event: 44.436 Thread 0x00007ff558009800 Exception <a 'java/io/FileNotFoundException'> (0x000000096a1fcfe8) thrown at [/jenkins/workspace/8-2-build-macosx-x86_64/jdk8u251/737/hotspot/src/share/vm/prims/jni.cpp, line 710]
Event: 44.574 Thread 0x00007ff57003d800 Implicit null exception at 0x0000000105a13148 to 0x0000000105a13b22
Event: 229.509 Thread 0x00007ff538168800 Implicit null exception at 0x000000010579be75 to 0x000000010579e899
Event: 229.509 Thread 0x00007ff538168800 Implicit null exception at 0x00000001058f3c3c to 0x00000001058f3d91

Events (10 events):
Event: 229.547 Executing VM operation: RevokeBias done
Event: 229.547 Thread 0x00007ff558b2d000 Uncommon trap: trap_request=0xffffff65 fr.pc=0x00000001052639b8
Event: 229.547 Thread 0x00007ff558b2d000 DEOPT PACKING pc=0x00000001052639b8 sp=0x0000700007e16c10
Event: 229.547 Thread 0x00007ff558b2d000 DEOPT UNPACKING pc=0x0000000104a4573a sp=0x0000700007e16b80 mode 2
Event: 229.552 Thread 0x00007ff558b2d000 Uncommon trap: trap_request=0xffffff65 fr.pc=0x0000000104d29718
Event: 229.552 Thread 0x00007ff558b2d000 DEOPT PACKING pc=0x0000000104d29718 sp=0x0000700007e16bb0
Event: 229.552 Thread 0x00007ff558b2d000 DEOPT UNPACKING pc=0x0000000104a4573a sp=0x0000700007e16b80 mode 2
Event: 229.562 Thread 0x00007ff558b2d000 Uncommon trap: trap_request=0xffffff65 fr.pc=0x0000000105b28360
Event: 229.562 Thread 0x00007ff558b2d000 DEOPT PACKING pc=0x0000000105b28360 sp=0x0000700007e18770
Event: 229.562 Thread 0x00007ff558b2d000 DEOPT UNPACKING pc=0x0000000104a4573a sp=0x0000700007e18720 mode 2


Dynamic libraries:
0x00007fff32731000 	/System/Library/Frameworks/Cocoa.framework/Versions/A/Cocoa
0x00007fff3ff19000 	/System/Library/Frameworks/Security.framework/Versions/A/Security
0x00007fff31698000 	/System/Library/Frameworks/ApplicationServices.framework/Versions/A/ApplicationServices
0x00007fff6cbb8000 	/usr/lib/libz.1.dylib
0x00007fff6a67c000 	/usr/lib/libSystem.B.dylib
0x00007fff6c4dc000 	/usr/lib/libobjc.A.dylib
0x00007fff335d1000 	/System/Library/Frameworks/CoreFoundation.framework/Versions/A/CoreFoundation
0x00007fff35c8b000 	/System/Library/Frameworks/Foundation.framework/Versions/C/Foundation
0x00007fff30888000 	/System/Library/Frameworks/AppKit.framework/Versions/C/AppKit
0x00007fff330b5000 	/System/Library/Frameworks/CoreData.framework/Versions/A/CoreData
0x00007fff64697000 	/System/Library/PrivateFrameworks/UIFoundation.framework/Versions/A/UIFoundation
0x00007fff5f73b000 	/System/Library/PrivateFrameworks/RemoteViewServices.framework/Versions/A/RemoteViewServices
0x00007fff671ec000 	/System/Library/PrivateFrameworks/XCTTargetBootstrap.framework/Versions/A/XCTTargetBootstrap
0x00007fff334a0000 	/System/Library/Frameworks/CoreDisplay.framework/Versions/A/CoreDisplay
0x00007fff38b46000 	/System/Library/Frameworks/Metal.framework/Versions/A/Metal
0x00007fff4d703000 	/System/Library/PrivateFrameworks/DesktopServicesPriv.framework/Versions/A/DesktopServicesPriv
0x00007fff6b7b7000 	/usr/lib/liblangid.dylib
0x00007fff4c99b000 	/System/Library/PrivateFrameworks/CoreSVG.framework/Versions/A/CoreSVG
0x00007fff62894000 	/System/Library/PrivateFrameworks/SkyLight.framework/Versions/A/SkyLight
0x00007fff33a52000 	/System/Library/Frameworks/CoreGraphics.framework/Versions/A/CoreGraphics
0x00007fff2f25c000 	/System/Library/Frameworks/Accelerate.framework/Versions/A/Accelerate
0x00007fff6caa9000 	/usr/lib/libxml2.2.dylib
0x00007fff58690000 	/System/Library/PrivateFrameworks/IconServices.framework/Versions/A/IconServices
0x00007fff3646a000 	/System/Library/Frameworks/IOSurface.framework/Versions/A/IOSurface
0x00007fff6a1a6000 	/usr/lib/libDiagnosticMessagesClient.dylib
0x00007fff4d55d000 	/System/Library/PrivateFrameworks/DFRFoundation.framework/Versions/A/DFRFoundation
0x00007fff6b546000 	/usr/lib/libicucore.A.dylib
0x00007fff319ca000 	/System/Library/Frameworks/AudioToolbox.framework/Versions/A/AudioToolbox
0x00007fff31aad000 	/System/Library/Frameworks/AudioUnit.framework/Versions/A/AudioUnit
0x00007fff6a87e000 	/usr/lib/libauto.dylib
0x00007fff4d5ff000 	/System/Library/PrivateFrameworks/DataDetectorsCore.framework/Versions/A/DataDetectorsCore
0x00007fff32252000 	/System/Library/Frameworks/Carbon.framework/Versions/A/Frameworks/HIToolbox.framework/Versions/A/HIToolbox
0x00007fff3f116000 	/System/Library/Frameworks/QuartzCore.framework/Versions/A/QuartzCore
0x00007fff32591000 	/System/Library/Frameworks/Carbon.framework/Versions/A/Frameworks/SpeechRecognition.framework/Versions/A/SpeechRecognition
0x00007fff4d074000 	/System/Library/PrivateFrameworks/CoreUI.framework/Versions/A/CoreUI
0x00007fff32b20000 	/System/Library/Frameworks/CoreAudio.framework/Versions/A/CoreAudio
0x00007fff3594c000 	/System/Library/Frameworks/DiskArbitration.framework/Versions/A/DiskArbitration
0x00007fff5a722000 	/System/Library/PrivateFrameworks/MultitouchSupport.framework/Versions/A/MultitouchSupport
0x00007fff6b40d000 	/usr/lib/libenergytrace.dylib
0x00007fff363c4000 	/System/Library/Frameworks/IOKit.framework/Versions/A/IOKit
0x00007fff349b8000 	/System/Library/Frameworks/CoreServices.framework/Versions/A/CoreServices
0x00007fff5c8d1000 	/System/Library/PrivateFrameworks/PerformanceAnalysis.framework/Versions/A/PerformanceAnalysis
0x00007fff3e149000 	/System/Library/Frameworks/OpenGL.framework/Versions/A/OpenGL
0x00007fff3273f000 	/System/Library/Frameworks/ColorSync.framework/Versions/A/ColorSync
0x00007fff340d4000 	/System/Library/Frameworks/CoreImage.framework/Versions/A/CoreImage
0x00007fff3542b000 	/System/Library/Frameworks/CoreText.framework/Versions/A/CoreText
0x00007fff364fa000 	/System/Library/Frameworks/ImageIO.framework/Versions/A/ImageIO
0x00007fff6a962000 	/usr/lib/libc++.1.dylib
0x00007fff6a9de000 	/usr/lib/libcompression.dylib
0x00007fff6a4ea000 	/usr/lib/libMobileGestalt.dylib
0x00007fff6440c000 	/System/Library/PrivateFrameworks/TextureIO.framework/Versions/A/TextureIO
0x00007fff6a7e1000 	/usr/lib/libate.dylib
0x00007fff58899000 	/System/Library/PrivateFrameworks/InternationalSupport.framework/Versions/A/InternationalSupport
0x00007fff6d478000 	/usr/lib/system/libcache.dylib
0x00007fff6d47e000 	/usr/lib/system/libcommonCrypto.dylib
0x00007fff6d48a000 	/usr/lib/system/libcompiler_rt.dylib
0x00007fff6d492000 	/usr/lib/system/libcopyfile.dylib
0x00007fff6d49c000 	/usr/lib/system/libcorecrypto.dylib
0x00007fff6d63b000 	/usr/lib/system/libdispatch.dylib
0x00007fff6d67c000 	/usr/lib/system/libdyld.dylib
0x00007fff6d6b3000 	/usr/lib/system/libkeymgr.dylib
0x00007fff6d6c1000 	/usr/lib/system/liblaunch.dylib
0x00007fff6d6c2000 	/usr/lib/system/libmacho.dylib
0x00007fff6d6c8000 	/usr/lib/system/libquarantine.dylib
0x00007fff6d6cb000 	/usr/lib/system/libremovefile.dylib
0x00007fff6d6cd000 	/usr/lib/system/libsystem_asl.dylib
0x00007fff6d6e5000 	/usr/lib/system/libsystem_blocks.dylib
0x00007fff6d6e6000 	/usr/lib/system/libsystem_c.dylib
0x00007fff6d76e000 	/usr/lib/system/libsystem_configuration.dylib
0x00007fff6d772000 	/usr/lib/system/libsystem_coreservices.dylib
0x00007fff6d776000 	/usr/lib/system/libsystem_darwin.dylib
0x00007fff6d77f000 	/usr/lib/system/libsystem_dnssd.dylib
0x00007fff6d787000 	/usr/lib/system/libsystem_featureflags.dylib
0x00007fff6d789000 	/usr/lib/system/libsystem_info.dylib
0x00007fff6d804000 	/usr/lib/system/libsystem_m.dylib
0x00007fff6d84c000 	/usr/lib/system/libsystem_malloc.dylib
0x00007fff6d874000 	/usr/lib/system/libsystem_networkextension.dylib
0x00007fff6d882000 	/usr/lib/system/libsystem_notify.dylib
0x00007fff6d8a0000 	/usr/lib/system/libsystem_sandbox.dylib
0x00007fff6d8a5000 	/usr/lib/system/libsystem_secinit.dylib
0x00007fff6d7d7000 	/usr/lib/system/libsystem_kernel.dylib
0x00007fff6d88c000 	/usr/lib/system/libsystem_platform.dylib
0x00007fff6d895000 	/usr/lib/system/libsystem_pthread.dylib
0x00007fff6d8a8000 	/usr/lib/system/libsystem_symptoms.dylib
0x00007fff6d8b0000 	/usr/lib/system/libsystem_trace.dylib
0x00007fff6d8c8000 	/usr/lib/system/libunwind.dylib
0x00007fff6d8ce000 	/usr/lib/system/libxpc.dylib
0x00007fff6a9b5000 	/usr/lib/libc++abi.dylib
0x00007fff6b7b9000 	/usr/lib/liblzma.5.dylib
0x00007fff6b434000 	/usr/lib/libfakelink.dylib
0x00007fff6a76e000 	/usr/lib/libarchive.2.dylib
0x00007fff40fca000 	/System/Library/Frameworks/SystemConfiguration.framework/Versions/A/SystemConfiguration
0x00007fff6a0d9000 	/usr/lib/libCRFSuite.dylib
0x00007fff31e43000 	/System/Library/Frameworks/CFNetwork.framework/Versions/A/CFNetwork
0x00007fff6a944000 	/usr/lib/libbsm.0.dylib
0x00007fff6d6b4000 	/usr/lib/system/libkxld.dylib
0x00007fff46ee9000 	/System/Library/PrivateFrameworks/AppleFSCompression.framework/Versions/A/AppleFSCompression
0x00007fff6accf000 	/usr/lib/libcoretls.dylib
0x00007fff6ace6000 	/usr/lib/libcoretls_cfhelpers.dylib
0x00007fff6c522000 	/usr/lib/libpam.2.dylib
0x00007fff6c657000 	/usr/lib/libsqlite3.dylib
0x00007fff6ca96000 	/usr/lib/libxar.1.dylib
0x00007fff6a955000 	/usr/lib/libbz2.1.0.dylib
0x00007fff6b455000 	/usr/lib/libiconv.2.dylib
0x00007fff6a9cb000 	/usr/lib/libcharset.1.dylib
0x00007fff6bfbf000 	/usr/lib/libnetwork.dylib
0x00007fff6c529000 	/usr/lib/libpcap.A.dylib
0x00007fff6a723000 	/usr/lib/libapple_nghttp2.dylib
0x00007fff34d6f000 	/System/Library/Frameworks/CoreServices.framework/Versions/A/Frameworks/FSEvents.framework/Versions/A/FSEvents
0x00007fff34a3f000 	/System/Library/Frameworks/CoreServices.framework/Versions/A/Frameworks/CarbonCore.framework/Versions/A/CarbonCore
0x00007fff34fb3000 	/System/Library/Frameworks/CoreServices.framework/Versions/A/Frameworks/Metadata.framework/Versions/A/Metadata
0x00007fff3504c000 	/System/Library/Frameworks/CoreServices.framework/Versions/A/Frameworks/OSServices.framework/Versions/A/OSServices
0x00007fff3507a000 	/System/Library/Frameworks/CoreServices.framework/Versions/A/Frameworks/SearchKit.framework/Versions/A/SearchKit
0x00007fff349b9000 	/System/Library/Frameworks/CoreServices.framework/Versions/A/Frameworks/AE.framework/Versions/A/AE
0x00007fff34d78000 	/System/Library/Frameworks/CoreServices.framework/Versions/A/Frameworks/LaunchServices.framework/Versions/A/LaunchServices
0x00007fff34d21000 	/System/Library/Frameworks/CoreServices.framework/Versions/A/Frameworks/DictionaryServices.framework/Versions/A/DictionaryServices
0x00007fff350e2000 	/System/Library/Frameworks/CoreServices.framework/Versions/A/Frameworks/SharedFileList.framework/Versions/A/SharedFileList
0x00007fff39f69000 	/System/Library/Frameworks/NetFS.framework/Versions/A/NetFS
0x00007fff5ac52000 	/System/Library/PrivateFrameworks/NetAuth.framework/Versions/A/NetAuth
0x00007fff675b9000 	/System/Library/PrivateFrameworks/login.framework/Versions/A/Frameworks/loginsupport.framework/Versions/A/loginsupport
0x00007fff63ed7000 	/System/Library/PrivateFrameworks/TCC.framework/Versions/A/TCC
0x00007fff4bb0e000 	/System/Library/PrivateFrameworks/CoreNLP.framework/Versions/A/CoreNLP
0x00007fff5a10b000 	/System/Library/PrivateFrameworks/MetadataUtilities.framework/Versions/A/MetadataUtilities
0x00007fff6b891000 	/usr/lib/libmecabra.dylib
0x00007fff6b7e9000 	/usr/lib/libmecab.dylib
0x00007fff6b445000 	/usr/lib/libgermantok.dylib
0x00007fff6a70a000 	/usr/lib/libThaiTokenizer.dylib
0x00007fff6a110000 	/usr/lib/libChineseTokenizer.dylib
0x00007fff2f274000 	/System/Library/Frameworks/Accelerate.framework/Versions/A/Frameworks/vImage.framework/Versions/A/vImage
0x00007fff306de000 	/System/Library/Frameworks/Accelerate.framework/Versions/A/Frameworks/vecLib.framework/Versions/A/vecLib
0x00007fff3061b000 	/System/Library/Frameworks/Accelerate.framework/Versions/A/Frameworks/vecLib.framework/Versions/A/libvMisc.dylib
0x00007fff30443000 	/System/Library/Frameworks/Accelerate.framework/Versions/A/Frameworks/vecLib.framework/Versions/A/libvDSP.dylib
0x00007fff2f8cb000 	/System/Library/Frameworks/Accelerate.framework/Versions/A/Frameworks/vecLib.framework/Versions/A/libBLAS.dylib
0x00007fff30007000 	/System/Library/Frameworks/Accelerate.framework/Versions/A/Frameworks/vecLib.framework/Versions/A/libLAPACK.dylib
0x00007fff303a3000 	/System/Library/Frameworks/Accelerate.framework/Versions/A/Frameworks/vecLib.framework/Versions/A/libLinearAlgebra.dylib
0x00007fff30430000 	/System/Library/Frameworks/Accelerate.framework/Versions/A/Frameworks/vecLib.framework/Versions/A/libSparseBLAS.dylib
0x00007fff303b9000 	/System/Library/Frameworks/Accelerate.framework/Versions/A/Frameworks/vecLib.framework/Versions/A/libQuadrature.dylib
0x00007fff2fb33000 	/System/Library/Frameworks/Accelerate.framework/Versions/A/Frameworks/vecLib.framework/Versions/A/libBNNS.dylib
0x00007fff303bf000 	/System/Library/Frameworks/Accelerate.framework/Versions/A/Frameworks/vecLib.framework/Versions/A/libSparse.dylib
0x00007fff58c81000 	/System/Library/PrivateFrameworks/LanguageModeling.framework/Versions/A/LanguageModeling
0x00007fff4b4be000 	/System/Library/PrivateFrameworks/CoreEmoji.framework/Versions/A/CoreEmoji
0x00007fff58d9f000 	/System/Library/PrivateFrameworks/LinguisticData.framework/Versions/A/LinguisticData
0x00007fff58d50000 	/System/Library/PrivateFrameworks/Lexicon.framework/Versions/A/Lexicon
0x00007fff6a9cc000 	/usr/lib/libcmph.dylib
0x00007fff3cb57000 	/System/Library/Frameworks/OpenDirectory.framework/Versions/A/Frameworks/CFOpenDirectory.framework/Versions/A/CFOpenDirectory
0x00007fff3cb74000 	/System/Library/Frameworks/OpenDirectory.framework/Versions/A/OpenDirectory
0x00007fff44f99000 	/System/Library/PrivateFrameworks/APFS.framework/Versions/A/APFS
0x00007fff40263000 	/System/Library/Frameworks/SecurityFoundation.framework/Versions/A/SecurityFoundation
0x00007fff6ca92000 	/usr/lib/libutil.dylib
0x00007fff4c9f3000 	/System/Library/PrivateFrameworks/CoreServicesStore.framework/Versions/A/CoreServicesStore
0x00007fff4031a000 	/System/Library/Frameworks/ServiceManagement.framework/Versions/A/ServiceManagement
0x00007fff486b8000 	/System/Library/PrivateFrameworks/BackgroundTaskManagement.framework/Versions/A/BackgroundTaskManagement
0x00007fff6cb8f000 	/usr/lib/libxslt.1.dylib
0x00007fff4755c000 	/System/Library/PrivateFrameworks/AppleSystemInfo.framework/Versions/A/AppleSystemInfo
0x00007fff36715000 	/System/Library/Frameworks/ImageIO.framework/Versions/A/Resources/libJPEG.dylib
0x00007fff369d1000 	/System/Library/Frameworks/ImageIO.framework/Versions/A/Resources/libTIFF.dylib
0x00007fff369b4000 	/System/Library/Frameworks/ImageIO.framework/Versions/A/Resources/libPng.dylib
0x00007fff36657000 	/System/Library/Frameworks/ImageIO.framework/Versions/A/Resources/libGIF.dylib
0x00007fff3665b000 	/System/Library/Frameworks/ImageIO.framework/Versions/A/Resources/libJP2.dylib
0x00007fff369cf000 	/System/Library/Frameworks/ImageIO.framework/Versions/A/Resources/libRadiance.dylib
0x00007fff6b40e000 	/usr/lib/libexpat.1.dylib
0x00007fff47044000 	/System/Library/PrivateFrameworks/AppleJPEG.framework/Versions/A/AppleJPEG
0x00007fff4fcf2000 	/System/Library/PrivateFrameworks/FontServices.framework/libFontParser.dylib
0x00007fff665be000 	/System/Library/PrivateFrameworks/WatchdogClient.framework/Versions/A/WatchdogClient
0x00007fff582dc000 	/System/Library/PrivateFrameworks/IOAccelerator.framework/Versions/A/IOAccelerator
0x00007fff38ee1000 	/System/Library/Frameworks/MetalPerformanceShaders.framework/Versions/A/MetalPerformanceShaders
0x00007fff54a73000 	/System/Library/PrivateFrameworks/GPUWrangler.framework/Versions/A/GPUWrangler
0x00007fff582f1000 	/System/Library/PrivateFrameworks/IOPresentment.framework/Versions/A/IOPresentment
0x00007fff4d570000 	/System/Library/PrivateFrameworks/DSExternalDisplay.framework/Versions/A/DSExternalDisplay
0x00007fff3d4e8000 	/System/Library/Frameworks/OpenGL.framework/Versions/A/Libraries/libCoreFSCache.dylib
0x00007fff38c2d000 	/System/Library/Frameworks/MetalPerformanceShaders.framework/Frameworks/MPSCore.framework/Versions/A/MPSCore
0x00007fff38c6b000 	/System/Library/Frameworks/MetalPerformanceShaders.framework/Frameworks/MPSImage.framework/Versions/A/MPSImage
0x00007fff38d32000 	/System/Library/Frameworks/MetalPerformanceShaders.framework/Frameworks/MPSNeuralNetwork.framework/Versions/A/MPSNeuralNetwork
0x00007fff38cf6000 	/System/Library/Frameworks/MetalPerformanceShaders.framework/Frameworks/MPSMatrix.framework/Versions/A/MPSMatrix
0x00007fff38e91000 	/System/Library/Frameworks/MetalPerformanceShaders.framework/Frameworks/MPSRayIntersector.framework/Versions/A/MPSRayIntersector
0x00007fff38d1c000 	/System/Library/Frameworks/MetalPerformanceShaders.framework/Frameworks/MPSNDArray.framework/Versions/A/MPSNDArray
0x00007fff5a158000 	/System/Library/PrivateFrameworks/MetalTools.framework/Versions/A/MetalTools
0x00007fff4616e000 	/System/Library/PrivateFrameworks/AggregateDictionary.framework/Versions/A/AggregateDictionary
0x00007fff4af08000 	/System/Library/PrivateFrameworks/CoreAnalytics.framework/Versions/A/CoreAnalytics
0x00007fff4747b000 	/System/Library/PrivateFrameworks/AppleSauce.framework/Versions/A/AppleSauce
0x00007fff6a3cc000 	/usr/lib/libIOReport.dylib
0x00007fff355e3000 	/System/Library/Frameworks/CoreVideo.framework/Versions/A/CoreVideo
0x00007fff55eed000 	/System/Library/PrivateFrameworks/GraphVisualizer.framework/Versions/A/GraphVisualizer
0x00007fff4f239000 	/System/Library/PrivateFrameworks/FaceCore.framework/Versions/A/FaceCore
0x00007fff3cafe000 	/System/Library/Frameworks/OpenCL.framework/Versions/A/OpenCL
0x00007fff6a1ee000 	/usr/lib/libFosl_dynamic.dylib
0x00007fff5b672000 	/System/Library/PrivateFrameworks/OTSVG.framework/Versions/A/OTSVG
0x00007fff3179d000 	/System/Library/Frameworks/ApplicationServices.framework/Versions/A/Frameworks/ATS.framework/Versions/A/Resources/libFontRegistry.dylib
0x00007fff4fec4000 	/System/Library/PrivateFrameworks/FontServices.framework/libhvf.dylib
0x00007fff3d4f3000 	/System/Library/Frameworks/OpenGL.framework/Versions/A/Libraries/libGFXShared.dylib
0x00007fff3d6d1000 	/System/Library/Frameworks/OpenGL.framework/Versions/A/Libraries/libGLU.dylib
0x00007fff3d4fc000 	/System/Library/Frameworks/OpenGL.framework/Versions/A/Libraries/libGL.dylib
0x00007fff3d507000 	/System/Library/Frameworks/OpenGL.framework/Versions/A/Libraries/libGLImage.dylib
0x00007fff3d4e5000 	/System/Library/Frameworks/OpenGL.framework/Versions/A/Libraries/libCVMSPluginSupport.dylib
0x00007fff3d4ee000 	/System/Library/Frameworks/OpenGL.framework/Versions/A/Libraries/libCoreVMClient.dylib
0x00007fff6be60000 	/usr/lib/libncurses.5.4.dylib
0x00007fff31699000 	/System/Library/Frameworks/ApplicationServices.framework/Versions/A/Frameworks/ATS.framework/Versions/A/ATS
0x00007fff31866000 	/System/Library/Frameworks/ApplicationServices.framework/Versions/A/Frameworks/ColorSyncLegacy.framework/Versions/A/ColorSyncLegacy
0x00007fff31904000 	/System/Library/Frameworks/ApplicationServices.framework/Versions/A/Frameworks/HIServices.framework/Versions/A/HIServices
0x00007fff3195c000 	/System/Library/Frameworks/ApplicationServices.framework/Versions/A/Frameworks/LangAnalysis.framework/Versions/A/LangAnalysis
0x00007fff3196b000 	/System/Library/Frameworks/ApplicationServices.framework/Versions/A/Frameworks/PrintCore.framework/Versions/A/PrintCore
0x00007fff319b1000 	/System/Library/Frameworks/ApplicationServices.framework/Versions/A/Frameworks/QD.framework/Versions/A/QD
0x00007fff319bc000 	/System/Library/Frameworks/ApplicationServices.framework/Versions/A/Frameworks/SpeechSynthesis.framework/Versions/A/SpeechSynthesis
0x00007fff31836000 	/System/Library/Frameworks/ApplicationServices.framework/Versions/A/Frameworks/ATSUI.framework/Versions/A/ATSUI
0x00007fff6b2a4000 	/usr/lib/libcups.2.dylib
0x00007fff37f7c000 	/System/Library/Frameworks/Kerberos.framework/Versions/A/Kerberos
0x00007fff360bd000 	/System/Library/Frameworks/GSS.framework/Versions/A/GSS
0x00007fff6c5e3000 	/usr/lib/libresolv.9.dylib
0x00007fff5609a000 	/System/Library/PrivateFrameworks/Heimdal.framework/Versions/A/Heimdal
0x00007fff37f8f000 	/System/Library/Frameworks/Kerberos.framework/Versions/A/Libraries/libHeimdalProxy.dylib
0x00007fff6b44b000 	/usr/lib/libheimdal-asn1.dylib
0x00007fff4a3a3000 	/System/Library/PrivateFrameworks/CommonAuth.framework/Versions/A/CommonAuth
0x00007fff475f9000 	/System/Library/PrivateFrameworks/AssertionServices.framework/Versions/A/AssertionServices
0x00007fff4819b000 	/System/Library/PrivateFrameworks/AudioToolboxCore.framework/Versions/A/AudioToolboxCore
0x00007fff67269000 	/System/Library/PrivateFrameworks/caulk.framework/Versions/A/caulk
0x00007fff48764000 	/System/Library/PrivateFrameworks/BaseBoard.framework/Versions/A/BaseBoard
0x00007fff5f8c9000 	/System/Library/PrivateFrameworks/RunningBoardServices.framework/Versions/A/RunningBoardServices
0x00007fff5c8dd000 	/System/Library/PrivateFrameworks/PersistentConnection.framework/Versions/A/PersistentConnection
0x00007fff5f2c3000 	/System/Library/PrivateFrameworks/ProtocolBuffer.framework/Versions/A/ProtocolBuffer
0x00007fff4a3c7000 	/System/Library/PrivateFrameworks/CommonUtilities.framework/Versions/A/CommonUtilities
0x00007fff488f2000 	/System/Library/PrivateFrameworks/Bom.framework/Versions/A/Bom
0x00007fff6a09f000 	/usr/lib/libAudioToolboxUtility.dylib
0x00007fff486c2000 	/System/Library/PrivateFrameworks/Backup.framework/Versions/A/Backup
0x00007fff4d491000 	/System/Library/PrivateFrameworks/CrashReporterSupport.framework/Versions/A/CrashReporterSupport
0x00007fff6135a000 	/System/Library/PrivateFrameworks/Sharing.framework/Versions/A/Sharing
0x00007fff46c07000 	/System/Library/PrivateFrameworks/Apple80211.framework/Versions/A/Apple80211
0x00007fff483df000 	/System/Library/PrivateFrameworks/AuthKit.framework/Versions/A/AuthKit
0x00007fff4d1a1000 	/System/Library/PrivateFrameworks/CoreUtils.framework/Versions/A/CoreUtils
0x00007fff35628000 	/System/Library/Frameworks/CoreWLAN.framework/Versions/A/CoreWLAN
0x00007fff3624a000 	/System/Library/Frameworks/IOBluetooth.framework/Versions/A/IOBluetooth
0x00007fff5a4a1000 	/System/Library/PrivateFrameworks/MobileKeyBag.framework/Versions/A/MobileKeyBag
0x00007fff4bfa6000 	/System/Library/PrivateFrameworks/CorePhoneNumbers.framework/Versions/A/CorePhoneNumbers
0x00007fff46ff7000 	/System/Library/PrivateFrameworks/AppleIDAuthSupport.framework/Versions/A/AppleIDAuthSupport
0x00007fff39f76000 	/System/Library/Frameworks/Network.framework/Versions/A/Network
0x00007fff58b2d000 	/System/Library/PrivateFrameworks/KeychainCircle.framework/Versions/A/KeychainCircle
0x00007fff3307c000 	/System/Library/Frameworks/CoreBluetooth.framework/Versions/A/CoreBluetooth
0x00007fff633d7000 	/System/Library/PrivateFrameworks/SpeechRecognitionCore.framework/Versions/A/SpeechRecognitionCore
0x0000000100818000 	/Library/Java/JavaVirtualMachines/jdk1.8.0_251.jdk/Contents/Home/jre/lib/server/libjvm.dylib
0x00007fff6c965000 	/usr/lib/libstdc++.6.dylib
0x00000001017d6000 	/Library/Java/JavaVirtualMachines/jdk1.8.0_251.jdk/Contents/Home/jre/lib/libverify.dylib
0x00000001017e4000 	/Library/Java/JavaVirtualMachines/jdk1.8.0_251.jdk/Contents/Home/jre/lib/libjava.dylib
0x0000000101864000 	/Library/Java/JavaVirtualMachines/jdk1.8.0_251.jdk/Contents/Home/jre/lib/libzip.dylib
0x0000000e0b529000 	/private/var/folders/jp/p1x6mcws16n5bb7qmwm5k0bw0000gn/T/jna--1996399840/jna1229179846590513829.tmp
0x00007fff37f77000 	/System/Library/Frameworks/JavaVM.framework/Versions/A/JavaVM
0x00007fff58944000 	/System/Library/PrivateFrameworks/JavaLaunching.framework/Versions/A/JavaLaunching
0x0000000e0b53f000 	/usr/local/lib/libblosc.1.20.2.dylib
0x0000000e0b632000 	/Library/Java/JavaVirtualMachines/jdk1.8.0_251.jdk/Contents/Home/jre/lib/libnio.dylib
0x0000000e0b642000 	/Library/Java/JavaVirtualMachines/jdk1.8.0_251.jdk/Contents/Home/jre/lib/libnet.dylib
0x0000000e0ba59000 	/Library/Java/JavaVirtualMachines/jdk1.8.0_251.jdk/Contents/Home/jre/lib/libawt.dylib
0x0000000e0bb02000 	/Library/Java/JavaVirtualMachines/jdk1.8.0_251.jdk/Contents/Home/jre/lib/libmlib_image.dylib
0x00007fff37f66000 	/System/Library/Frameworks/JavaVM.framework/Versions/A/Frameworks/JavaNativeFoundation.framework/Versions/A/JavaNativeFoundation
0x00007fff37f6f000 	/System/Library/Frameworks/JavaVM.framework/Versions/A/Frameworks/JavaRuntimeSupport.framework/Versions/A/JavaRuntimeSupport
0x00007fff3224d000 	/System/Library/Frameworks/Carbon.framework/Versions/A/Carbon
0x00007fff4cf46000 	/System/Library/PrivateFrameworks/CoreSymbolication.framework/Versions/A/CoreSymbolication
0x00007fff3224e000 	/System/Library/Frameworks/Carbon.framework/Versions/A/Frameworks/CommonPanels.framework/Versions/A/CommonPanels
0x00007fff32547000 	/System/Library/Frameworks/Carbon.framework/Versions/A/Frameworks/Help.framework/Versions/A/Help
0x00007fff3254b000 	/System/Library/Frameworks/Carbon.framework/Versions/A/Frameworks/ImageCapture.framework/Versions/A/ImageCapture
0x00007fff32552000 	/System/Library/Frameworks/Carbon.framework/Versions/A/Frameworks/OpenScripting.framework/Versions/A/OpenScripting
0x00007fff32551000 	/System/Library/Frameworks/Carbon.framework/Versions/A/Frameworks/Ink.framework/Versions/A/Ink
0x00007fff3258d000 	/System/Library/Frameworks/Carbon.framework/Versions/A/Frameworks/Print.framework/Versions/A/Print
0x00007fff3258e000 	/System/Library/Frameworks/Carbon.framework/Versions/A/Frameworks/SecurityHI.framework/Versions/A/SecurityHI
0x00007fff4d6c5000 	/System/Library/PrivateFrameworks/DebugSymbols.framework/Versions/A/DebugSymbols
0x0000000e0bbce000 	/Library/Java/JavaVirtualMachines/jdk1.8.0_251.jdk/Contents/Home/jre/lib/libawt_lwawt.dylib
0x0000000e0bc89000 	/Library/Java/JavaVirtualMachines/jdk1.8.0_251.jdk/Contents/Home/jre/lib/libosxapp.dylib
0x00007fff35b26000 	/System/Library/Frameworks/ExceptionHandling.framework/Versions/A/ExceptionHandling
0x00007fff4c9bf000 	/System/Library/PrivateFrameworks/CoreServicesInternal.framework/Versions/A/CoreServicesInternal
0x00007fff35b45000 	/System/Library/Frameworks/FileProvider.framework/Versions/A/FileProvider
0x00007fff306df000 	/System/Library/Frameworks/Accounts.framework/Versions/A/Accounts
0x00007fff54d98000 	/System/Library/PrivateFrameworks/GenerationalStorage.framework/Versions/A/GenerationalStorage
0x00007fff63c17000 	/System/Library/PrivateFrameworks/SymptomDiagnosticReporter.framework/Versions/A/SymptomDiagnosticReporter
0x00007fff4670c000 	/System/Library/PrivateFrameworks/AppContainer.framework/Versions/A/AppContainer
0x00007fff6c5fd000 	/usr/lib/libsandbox.1.dylib
0x00007fff65562000 	/System/Library/PrivateFrameworks/UserManagement.framework/Versions/A/UserManagement
0x00007fff494ad000 	/System/Library/PrivateFrameworks/ChunkingLibrary.framework/Versions/A/ChunkingLibrary
0x00007fff4677e000 	/System/Library/PrivateFrameworks/AppSandbox.framework/Versions/A/AppSandbox
0x00007fff611e4000 	/System/Library/PrivateFrameworks/SecCodeWrapper.framework/Versions/A/SecCodeWrapper
0x00007fff6a4b4000 	/usr/lib/libMatch.1.dylib
0x00007fff266c3000 	/System/Library/CoreServices/RawCamera.bundle/Contents/MacOS/RawCamera
0x00007fff5a287000 	/System/Library/PrivateFrameworks/MobileAsset.framework/Versions/A/MobileAsset
0x00007fff63abf000 	/System/Library/PrivateFrameworks/StreamingZip.framework/Versions/A/StreamingZip
0x00007fff383f7000 	/System/Library/Frameworks/MediaToolbox.framework/Versions/A/MediaToolbox
0x00007fff4aeb8000 	/System/Library/PrivateFrameworks/CoreAVCHD.framework/Versions/A/CoreAVCHD
0x00007fff38321000 	/System/Library/Frameworks/MediaAccessibility.framework/Versions/A/MediaAccessibility
0x00007fff5963c000 	/System/Library/PrivateFrameworks/Mangrove.framework/Versions/A/Mangrove
0x00007fff347f0000 	/System/Library/Frameworks/CoreMedia.framework/Versions/A/CoreMedia
0x00007fff598a8000 	/System/Library/PrivateFrameworks/MediaExperience.framework/Versions/A/MediaExperience
0x00007fff412b7000 	/System/Library/Frameworks/VideoToolbox.framework/Versions/A/VideoToolbox
0x00007fff4aae2000 	/System/Library/PrivateFrameworks/CoreAUC.framework/Versions/A/CoreAUC
0x00007fff6c655000 	/usr/lib/libspindump.dylib
0x00007fff47b4a000 	/System/Library/PrivateFrameworks/AudioResourceArbitration.framework/Versions/A/AudioResourceArbitration
0x00007fff47560000 	/System/Library/PrivateFrameworks/AppleVA.framework/Versions/A/AppleVA
0x00007fff2f25d000 	/System/Library/Frameworks/Accelerate.framework/Versions/A/Frameworks/vImage.framework/Versions/A/Libraries/libCGInterfaces.dylib
0x0000000e0d043000 	/usr/lib/libobjc-trampolines.dylib
0x00007fff4fe2b000 	/System/Library/PrivateFrameworks/FontServices.framework/libTrueTypeScaler.dylib
0x00007fff26d84000 	/System/Library/Extensions/AMDRadeonX6000MTLDriver.bundle/Contents/MacOS/AMDRadeonX6000MTLDriver
0x00007fff582d2000 	/System/Library/PrivateFrameworks/IOAccelMemoryInfo.framework/Versions/A/IOAccelMemoryInfo
0x00007fff2bfd5000 	/System/Library/Extensions/AppleIntelKBLGraphicsMTLDriver.bundle/Contents/MacOS/AppleIntelKBLGraphicsMTLDriver
0x00007fff533b5000 	/System/Library/PrivateFrameworks/GPUCompiler.framework/Versions/3902/Libraries/libmetal_timestamp.dylib
0x00007fff4f663000 	/System/Library/PrivateFrameworks/FamilyControls.framework/Versions/A/FamilyControls
0x00007fff4a397000 	/System/Library/PrivateFrameworks/CommerceKit.framework/Versions/A/Frameworks/CommerceCore.framework/Versions/A/CommerceCore
0x00007fff63c91000 	/System/Library/PrivateFrameworks/SystemAdministration.framework/Versions/A/SystemAdministration
0x00007fff4dbf1000 	/System/Library/PrivateFrameworks/DiskManagement.framework/Versions/A/DiskManagement
0x00007fff35871000 	/System/Library/Frameworks/DirectoryService.framework/Versions/A/DirectoryService
0x00007fff4db28000 	/System/Library/PrivateFrameworks/DiskImages.framework/Versions/A/DiskImages
0x00007fff58e48000 	/System/Library/PrivateFrameworks/LoginUIKit.framework/Versions/A/Frameworks/LoginUICore.framework/Versions/A/LoginUICore
0x00007fff6a11b000 	/usr/lib/libCoreStorage.dylib
0x00007fff6b291000 	/usr/lib/libcsfde.dylib
0x00007fff6c510000 	/usr/lib/libodfde.dylib
0x00007fff59933000 	/System/Library/PrivateFrameworks/MediaKit.framework/Versions/A/MediaKit
0x00007fff3587d000 	/System/Library/Frameworks/DiscRecording.framework/Versions/A/DiscRecording
0x00007fff4dda7000 	/System/Library/PrivateFrameworks/EFILogin.framework/Versions/A/EFILogin
0x00007fff5f268000 	/System/Library/PrivateFrameworks/ProtectedCloudStorage.framework/Versions/A/ProtectedCloudStorage
0x00007fff6b305000 	/usr/lib/libcurl.4.dylib
0x00007fff6b18a000 	/usr/lib/libcrypto.44.dylib
0x00007fff6c935000 	/usr/lib/libssl.46.dylib
0x00007fff37f90000 	/System/Library/Frameworks/LDAP.framework/Versions/A/LDAP
0x00007fff6465e000 	/System/Library/PrivateFrameworks/TrustEvaluationAgent.framework/Versions/A/TrustEvaluationAgent
0x00007fff6c642000 	/usr/lib/libsasl2.2.dylib
0x00007fff4b232000 	/System/Library/PrivateFrameworks/CoreDaemon.framework/Versions/B/CoreDaemon
0x00007fff47476000 	/System/Library/PrivateFrameworks/AppleSRP.framework/Versions/A/AppleSRP
0x00007fff6632e000 	/System/Library/PrivateFrameworks/ViewBridge.framework/Versions/A/ViewBridge
0x00007fff675bc000 	/System/Library/PrivateFrameworks/login.framework/Versions/A/login
0x00007fff3e159000 	/System/Library/Frameworks/OpenGL.framework/Versions/A/Resources/GLEngine.bundle/GLEngine
0x00007fff3d53c000 	/System/Library/Frameworks/OpenGL.framework/Versions/A/Libraries/libGLProgrammability.dylib
0x00007fff2afcd000 	/System/Library/Extensions/AppleIntelKBLGraphicsGLDriver.bundle/Contents/MacOS/AppleIntelKBLGraphicsGLDriver
0x00007fff54a67000 	/System/Library/PrivateFrameworks/GPUSupport.framework/Versions/A/Libraries/libGPUSupportMercury.dylib
0x0000000e0e3b0000 	/System/Library/Extensions/AMDRadeonX6000GLDriver.bundle/Contents/MacOS/AMDRadeonX6000GLDriver
0x00007fff26d4d000 	/System/Library/Extensions/AMDRadeonX6000GLDriver.bundle/Contents/MacOS/ATIRadeonX6000SCLib.dylib
0x00007fff27f52000 	/System/Library/Extensions/AMDShared.bundle/Contents/PlugIns/libSC.dylib
0x00007fff3e2d3000 	/System/Library/Frameworks/OpenGL.framework/Versions/A/Resources/GLRendererFloat.bundle/GLRendererFloat
0x00007fff3caf5000 	/System/Library/Frameworks/OpenCL.framework/Versions/A/Libraries/libcldcpuengine.dylib
0x0000000e0e88e000 	/Library/Java/JavaVirtualMachines/jdk1.8.0_251.jdk/Contents/Home/jre/lib/libfontmanager.dylib
0x0000000e0e8f6000 	/Library/Java/JavaVirtualMachines/jdk1.8.0_251.jdk/Contents/Home/jre/lib/libosxui.dylib
0x00007fff55f19000 	/System/Library/PrivateFrameworks/HDRProcessing.framework/Versions/A/HDRProcessing
0x0000000e45a04000 	/Library/Java/JavaVirtualMachines/jdk1.8.0_251.jdk/Contents/Home/jre/lib/libdcpr.dylib

VM Arguments:
jvm_args: -Xmx50G -Dfile.encoding=UTF-8 
java_command: org.janelia.saalfeldlab.hotknife.tools.PaintHeightField --n5Path=/nrs/flyem/render/n5/Z0720_07m_BR --n5FieldPath=/nrs/flyem/render/n5/Z0720_07m_BR --n5Raw=/z_corr/Sec14/v4_acquire_trimmed_align_ic___20210827_131509 --n5Field=/heightfields/Sec14/v4_acquire_trimmed_align_ic___20210827_131509_gauss/s1/max --n5FieldOutput=/heightfields_fix/Sec14/pass1/max --scale=6,6,1 --offset=-3
java_class_path (initial): /Library/Java/JavaVirtualMachines/jdk1.8.0_251.jdk/Contents/Home/jre/lib/resources.jar:/Library/Java/JavaVirtualMachines/jdk1.8.0_251.jdk/Contents/Home/jre/lib/rt.jar:/Library/Java/JavaVirtualMachines/jdk1.8.0_251.jdk/Contents/Home/jre/lib/jsse.jar:/Library/Java/JavaVirtualMachines/jdk1.8.0_251.jdk/Contents/Home/jre/lib/jce.jar:/Library/Java/JavaVirtualMachines/jdk1.8.0_251.jdk/Contents/Home/jre/lib/charsets.jar:/Library/Java/JavaVirtualMachines/jdk1.8.0_251.jdk/Contents/Home/jre/lib/jfr.jar:/Library/Java/JavaVirtualMachines/jdk1.8.0_251.jdk/Contents/Home/jre/lib/ext/sunec.jar:/Library/Java/JavaVirtualMachines/jdk1.8.0_251.jdk/Contents/Home/jre/lib/ext/nashorn.jar:/Library/Java/JavaVirtualMachines/jdk1.8.0_251.jdk/Contents/Home/jre/lib/ext/cldrdata.jar:/Library/Java/JavaVirtualMachines/jdk1.8.0_251.jdk/Contents/Home/jre/lib/ext/jfxrt.jar:/Library/Java/JavaVirtualMachines/jdk1.8.0_251.jdk/Contents/Home/jre/lib/ext/dnsns.jar:/Library/Java/JavaVirtualMachines/jdk1.8.0_251.jdk/Contents/Home/jre/lib/ext/localedata.jar:/Library/Java/JavaVirtualMachines/jdk1.8.0_251.jdk/Contents/Home/jre/lib/ext/sunjce_provider.jar:/Library/Java/JavaVirtualMachines/jdk1.8.0_251.jdk/Contents/Home/jre/lib/ext/sunpkcs11.jar:/Library/Java/JavaVirtualMachines/jdk1.8.0_251.jdk/Contents/Home/jre/lib/ext/jaccess.jar:/Library/Java/JavaVirtualMachines/jdk1.8.0_251.jdk/Contents/Home/jre/lib/ext/zipfs.jar:/System/Library/Java/Extensions/MRJToolkit.jar:/Users/spreibi/workspace/hot-knife/target/classes:/Users/spreibi/.m2/repository/org/apache/spark/spark-core_2.11/2.4.6/spark-core_2.11-2.4.6.jar:/Users/spreibi/.m2/repository/com/thoughtworks/paranamer/paranamer/2.8/paranamer-2.8.jar:/Users/spreibi/.m2/repository/org/apache/avro/avro/1.8.2/avro-1.8.2.jar:/Users/spreibi/.m2/repository/org/codehaus/jackson/jackson-core-asl/1.9.13/jackson-core-asl-1.9.13.jar:/Users/spreibi/.m2/repository/org/codehaus/jackson/jackson-mapper-asl/1.9.13/jackson-mapper-asl-1.9.13.jar:/Users/spreibi/
Launcher Type: SUN_STANDARD

Environment Variables:
PATH=/usr/bin:/bin:/usr/sbin:/sbin
SHELL=/bin/bash
DISPLAY=/private/tmp/com.apple.launchd.ZU0WjwVtoe/org.xquartz:0

Signal Handlers:
SIGSEGV: [libjvm.dylib+0x5bc2ff], sa_mask[0]=11111111011111110111111111111111, sa_flags=SA_ONSTACK|SA_RESTART|SA_SIGINFO
SIGBUS: [libjvm.dylib+0x5bc2ff], sa_mask[0]=11111111011111110111111111111111, sa_flags=SA_RESTART|SA_SIGINFO
SIGFPE: [libjvm.dylib+0x48d41c], sa_mask[0]=11111111011111110111111111111111, sa_flags=SA_RESTART|SA_SIGINFO
SIGPIPE: [libjvm.dylib+0x48d41c], sa_mask[0]=11111111011111110111111111111111, sa_flags=SA_RESTART|SA_SIGINFO
SIGXFSZ: [libjvm.dylib+0x48d41c], sa_mask[0]=11111111011111110111111111111111, sa_flags=SA_RESTART|SA_SIGINFO
SIGILL: [libjvm.dylib+0x48d41c], sa_mask[0]=11111111011111110111111111111111, sa_flags=SA_RESTART|SA_SIGINFO
SIGUSR1: SIG_DFL, sa_mask[0]=00000000000000000000000000000000, sa_flags=none
SIGUSR2: [libjvm.dylib+0x48cf3a], sa_mask[0]=00100000000000000000000000000000, sa_flags=SA_RESTART|SA_SIGINFO
SIGHUP: [libjvm.dylib+0x48b4c5], sa_mask[0]=11111111011111110111111111111111, sa_flags=SA_RESTART|SA_SIGINFO
SIGINT: [libjvm.dylib+0x48b4c5], sa_mask[0]=11111111011111110111111111111111, sa_flags=SA_RESTART|SA_SIGINFO
SIGTERM: [libjvm.dylib+0x48b4c5], sa_mask[0]=11111111011111110111111111111111, sa_flags=SA_RESTART|SA_SIGINFO
SIGQUIT: [libjvm.dylib+0x48b4c5], sa_mask[0]=11111111011111110111111111111111, sa_flags=SA_RESTART|SA_SIGINFO


---------------  S Y S T E M  ---------------

OS:Bsduname:Darwin 19.5.0 Darwin Kernel Version 19.5.0: Tue May 26 20:41:44 PDT 2020; root:xnu-6153.121.2~2/RELEASE_X86_64 x86_64
rlimit: STACK 8192k, CORE 0k, NPROC 11136, NOFILE 10240, AS infinity
load average:1.84 2.89 2.97

CPU:total 16 (initial active 16) (8 cores per cpu, 2 threads per core) family 6 model 158 stepping 13, cmov, cx8, fxsr, mmx, sse, sse2, sse3, ssse3, sse4.1, sse4.2, popcnt, avx, avx2, aes, clmul, erms, rtm, 3dnowpref, lzcnt, ht, tsc, tscinvbit, bmi1, bmi2, adx

Memory: 4k page, physical 67108864k(1009916k free)

/proc/meminfo:


vm_info: Java HotSpot(TM) 64-Bit Server VM (25.251-b08) for bsd-amd64 JRE (1.8.0_251-b08), built on Mar 12 2020 02:36:37 by "java_re" with gcc 4.2.1 (Based on Apple Inc. build 5658) (LLVM build 2336.11.00)

time: Fri Oct  8 12:16:15 2021
timezone: EDT
elapsed time: 229 seconds (0d 0h 3m 49s)

